// Jest Snapshot v1, https://goo.gl/fbAQLP

exports[`App should match snapshot 1`] = `
<div
  className="App"
>
  <Header />
  <Connect(FilmScroller) />
  <ButtonsContainer />
  <Connect(CardsContainer) />
</div>
`;
