// Jest Snapshot v1, https://goo.gl/fbAQLP

exports[`Card should render a card with the correct passed in props 1`] = `
<Card
  data={
    Object {
      "Homeworld": "earth",
      "name": "edgar",
      "occupation": "student",
    }
  }
/>
`;
