// Jest Snapshot v1, https://goo.gl/fbAQLP

exports[`CardsContainer should match snapshot 1`] = `
<div
  id="cards-container"
/>
`;
