// Jest Snapshot v1, https://goo.gl/fbAQLP

exports[`FilmScroller should render the film scroller component 1`] = `
<UNDEFINED
  films={
    Array [
      Object {
        "episode_id": 4,
        "opening_crawl": "It is a period of civil war.
Rebel spaceships, striking
from a hidden base, have won
their first victory against
the evil Galactic Empire.

During the battle, Rebel
spies managed to steal secret
plans to the Empire's
ultimate weapon, the DEATH
STAR, an armored space
station with enough power
to destroy an entire planet.

Pursued by the Empire's
sinister agents, Princess
Leia races home aboard her
starship, custodian of the
stolen plans that can save her
people and restore
freedom to the galaxy....",
        "title": "A New Hope",
      },
      Object {
        "episode_id": 2,
        "opening_crawl": "There is unrest in the Galactic
Senate. Several thousand solar
systems have declared their
intentions to leave the Republic.

This separatist movement,
under the leadership of the
mysterious Count Dooku, has
made it difficult for the limited
number of Jedi Knights to maintain 
peace and order in the galaxy.

Senator Amidala, the former
Queen of Naboo, is returning
to the Galactic Senate to vote
on the critical issue of creating
an ARMY OF THE REPUBLIC
to assist the overwhelmed
Jedi....",
        "title": "Attack of the Clones",
      },
    ]
  }
/>
`;
